exports[`<Board />  should display the first player turn 1`] = `
<div
  className="board">
  <h1>
    Player 
    1
     turn
  </h1>
</div>
`;
